// Jest Snapshot v1, https://goo.gl/fbAQLP

exports[`snapshot test of NavBar 1`] = `
<nav
  className="nav-bar"
>
  <a
    className="font-medium"
    href="/home"
    onClick={[Function]}
  >
    Reminders
  </a>
  <a
    className="font-medium"
    href="/home"
    onClick={[Function]}
  >
    <svg
      fill="currentColor"
      height="1em"
      stroke="currentColor"
      strokeWidth="0"
      style={
        Object {
          "color": undefined,
        }
      }
      viewBox="0 0 20 20"
      width="1em"
      xmlns="http://www.w3.org/2000/svg"
    >
      <path
        d="M10.707 2.293a1 1 0 00-1.414 0l-7 7a1 1 0 001.414 1.414L4 10.414V17a1 1 0 001 1h2a1 1 0 001-1v-2a1 1 0 011-1h2a1 1 0 011 1v2a1 1 0 001 1h2a1 1 0 001-1v-6.586l.293.293a1 1 0 001.414-1.414l-7-7z"
      />
    </svg>
  </a>
  <a
    className="font-medium"
    href="/account"
    onClick={[Function]}
  >
    Profile
  </a>
</nav>
`;
